D:\QuestDicomProject\DicomViewer\src\main\java\com\dicom\DicomViewer\domain\User1.java
D:\QuestDicomProject\DicomViewer\src\main\java\com\dicom\DicomViewer\response\LoginResponse.java
D:\QuestDicomProject\DicomViewer\src\main\java\com\dicom\DicomViewer\repository\User1Repository.java
D:\QuestDicomProject\DicomViewer\src\main\java\com\dicom\DicomViewer\domain\User.java
D:\QuestDicomProject\DicomViewer\src\main\java\com\dicom\DicomViewer\response\UploadResponse.java
D:\QuestDicomProject\DicomViewer\src\main\java\com\dicom\DicomViewer\repository\UserRepository.java
D:\QuestDicomProject\DicomViewer\src\main\java\com\dicom\DicomViewer\response\LastLogintimeResponse.java
D:\QuestDicomProject\DicomViewer\src\main\java\com\dicom\DicomViewer\service\UserService.java
D:\QuestDicomProject\DicomViewer\src\main\java\com\dicom\DicomViewer\config\WebContainerConfig.java
D:\QuestDicomProject\DicomViewer\src\main\java\com\dicom\DicomViewer\DicomViewerApplication.java
D:\QuestDicomProject\DicomViewer\src\main\java\com\dicom\DicomViewer\response\PasswordResponse.java
D:\QuestDicomProject\DicomViewer\src\main\java\com\dicom\DicomViewer\Controller\DicomController.java
D:\QuestDicomProject\DicomViewer\src\main\java\com\dicom\DicomViewer\service\User1Service.java
